// Jest Snapshot v1, https://goo.gl/fbAQLP

exports[`Products snapshot test renders correctly 1`] = `
Array [
  <div
    className="item "
    onClick={[Function]}
  >
    Borsao Macabeo
    <div />
  </div>,
  <div
    className="item "
    onClick={[Function]}
  >
    Domaine de L'Olibet 'Les Pujols' Cinsault Ros√©
    <div />
  </div>,
  <div
    className="item "
    onClick={[Function]}
  >
    Choc on Choc Make Your Own Egg Kit
    <div />
  </div>,
]
`;
